// Jest Snapshot v1, https://goo.gl/fbAQLP

exports[`/books GET / returns a list of books 1`] = `200`;

exports[`/books GET / returns a list of books 2`] = `
Object {
  "books": Array [
    Object {
      "authorName": "Bram Stoker",
      "id": 1,
      "title": "Dracula",
    },
  ],
}
`;

exports[`/books POST / creates a book 1`] = `201`;

exports[`/books POST / creates a book 2`] = `
Object {
  "authorName": "Dan Simmons",
  "id": 1,
  "title": "Hyperion",
}
`;
